cvt\cv\ppmbackend\service\CommitteeService.class
cvt\cv\ppmbackend\entity\StrategicObjectiveAnnualTarget.class
cvt\cv\ppmbackend\entity\CycleAuditLog.class
cvt\cv\ppmbackend\service\DependencyService.class
cvt\cv\ppmbackend\dto\DemandScoringDtos$DimensionScoreResponse.class
cvt\cv\ppmbackend\PpmbackendApplication.class
cvt\cv\ppmbackend\dto\DemandDtos$DemandResponse.class
cvt\cv\ppmbackend\repository\DemandAttachmentRepository.class
cvt\cv\ppmbackend\service\SupplierService.class
cvt\cv\ppmbackend\repository\ProgramRepository.class
cvt\cv\ppmbackend\entity\Kpi.class
cvt\cv\ppmbackend\repository\StrategicElementRepository.class
cvt\cv\ppmbackend\dto\DemandDtos$DemandConvertInfo.class
cvt\cv\ppmbackend\repository\ScoringCriterionRepository.class
cvt\cv\ppmbackend\repository\DependencyRepository.class
cvt\cv\ppmbackend\dto\DemandDtos.class
cvt\cv\ppmbackend\entity\BaseEntity.class
cvt\cv\ppmbackend\entity\Demand.class
cvt\cv\ppmbackend\repository\OperationalPlanBaselineRepository.class
cvt\cv\ppmbackend\repository\SupplierRepository.class
cvt\cv\ppmbackend\dto\StrategicObjectiveResponse$KpiMeasurementResponse.class
cvt\cv\ppmbackend\entity\MacroResource.class
cvt\cv\ppmbackend\dto\DemandDtos$DemandHistoryResponse.class
cvt\cv\ppmbackend\exception\ResourceNotFoundException.class
cvt\cv\ppmbackend\dto\StrategicObjectiveCreateRequest$AnnualTargetRequest.class
cvt\cv\ppmbackend\controller\StrategicPlanController.class
cvt\cv\ppmbackend\dto\DependencyCreateRequest.class
cvt\cv\ppmbackend\service\ScoringDimensionService.class
cvt\cv\ppmbackend\converter\YearMonthAttributeConverter.class
cvt\cv\ppmbackend\dto\MacroResourceCreateRequest.class
cvt\cv\ppmbackend\service\StrategicPillarService.class
cvt\cv\ppmbackend\controller\CycleController.class
cvt\cv\ppmbackend\repository\DemandScoringRepository.class
cvt\cv\ppmbackend\controller\AbstractCrudController.class
cvt\cv\ppmbackend\enums\CommitteeStatus.class
cvt\cv\ppmbackend\controller\ProjectScoringController.class
cvt\cv\ppmbackend\service\MacroResourceService.class
cvt\cv\ppmbackend\controller\ScoringDimensionController.class
cvt\cv\ppmbackend\entity\ScoringDimension.class
cvt\cv\ppmbackend\dto\CycleDtos.class
cvt\cv\ppmbackend\enums\ScoringImpactType.class
cvt\cv\ppmbackend\controller\ProgramController.class
cvt\cv\ppmbackend\repository\BenefitRepository.class
cvt\cv\ppmbackend\controller\CommitteeController.class
cvt\cv\ppmbackend\exception\GlobalExceptionHandler.class
cvt\cv\ppmbackend\dto\OperationalPlanCreateRequest.class
cvt\cv\ppmbackend\repository\StrategicObjectiveRepository.class
cvt\cv\ppmbackend\entity\LookupValue.class
cvt\cv\ppmbackend\dto\CapacityAllocationCreateRequest.class
cvt\cv\ppmbackend\dto\DemandScoringDtos$ScoringItemResponse.class
cvt\cv\ppmbackend\dto\DemandScoringDtos.class
cvt\cv\ppmbackend\service\BenefitService.class
cvt\cv\ppmbackend\controller\StrategicElementController.class
cvt\cv\ppmbackend\dto\CommitteeDtos.class
cvt\cv\ppmbackend\enums\PlanType.class
cvt\cv\ppmbackend\dto\StrategicObjectiveCreateRequest$KpiMeasurementRequest.class
cvt\cv\ppmbackend\service\DemandService$ScoreRelevantState.class
cvt\cv\ppmbackend\dto\CycleDtos$Patch.class
cvt\cv\ppmbackend\service\CycleReviewService.class
cvt\cv\ppmbackend\service\OperationalPlanService.class
cvt\cv\ppmbackend\dto\StrategicObjectiveResponse.class
cvt\cv\ppmbackend\dto\StrategicObjectiveResponse$AnnualTargetResponse.class
cvt\cv\ppmbackend\dto\DemandDtos$DemandAttachmentResponse.class
cvt\cv\ppmbackend\repository\ProjectRepository.class
cvt\cv\ppmbackend\controller\CycleReviewController$Start.class
cvt\cv\ppmbackend\dto\StrategicPlanCreateRequest.class
cvt\cv\ppmbackend\entity\StrategicElement.class
cvt\cv\ppmbackend\dto\DemandDtos$ConvertResponse.class
cvt\cv\ppmbackend\dto\DemandDtos$ProjectSummary.class
cvt\cv\ppmbackend\dto\DemandDtos$StatusPatch.class
cvt\cv\ppmbackend\enums\OperationalPlanStatus.class
cvt\cv\ppmbackend\dto\StrategicElementCreateRequest.class
cvt\cv\ppmbackend\controller\CycleReviewController.class
cvt\cv\ppmbackend\entity\ProjectScoring.class
cvt\cv\ppmbackend\repository\CapacityAllocationRepository.class
cvt\cv\ppmbackend\enums\CycleReviewStatus.class
cvt\cv\ppmbackend\repository\StrategicPillarRepository.class
cvt\cv\ppmbackend\service\StrategicObjectiveService.class
cvt\cv\ppmbackend\dto\DemandDtos$Create.class
cvt\cv\ppmbackend\repository\ScoringDimensionRepository.class
cvt\cv\ppmbackend\repository\ProjectScoringRepository.class
cvt\cv\ppmbackend\controller\BenefitController.class
cvt\cv\ppmbackend\enums\AllocationStatus.class
cvt\cv\ppmbackend\dto\CycleDtos$Response.class
cvt\cv\ppmbackend\enums\StrategicPlanStatus.class
cvt\cv\ppmbackend\dto\ProgramCreateRequest.class
cvt\cv\ppmbackend\dto\CycleDtos$Create.class
cvt\cv\ppmbackend\entity\CycleReview.class
cvt\cv\ppmbackend\repository\CycleReviewRepository.class
cvt\cv\ppmbackend\repository\OperationalPlanRepository.class
cvt\cv\ppmbackend\dto\DemandDtos$ProgramSummary.class
cvt\cv\ppmbackend\dto\DemandDtos$AttachmentInput.class
cvt\cv\ppmbackend\dto\CycleDtos$PageResponse.class
cvt\cv\ppmbackend\entity\KpiMeasurement.class
cvt\cv\ppmbackend\dto\ProjectScoringCreateRequest.class
cvt\cv\ppmbackend\dto\SupplierCreateRequest.class
cvt\cv\ppmbackend\entity\Benefit.class
cvt\cv\ppmbackend\dto\DemandScoringDtos$ScoreInput.class
cvt\cv\ppmbackend\entity\OperationalPlanBaseline.class
cvt\cv\ppmbackend\entity\StrategicObjective.class
cvt\cv\ppmbackend\dto\DemandScoringDtos$DemandScoringResponse.class
cvt\cv\ppmbackend\service\CrudService.class
cvt\cv\ppmbackend\service\CapacityAllocationService.class
cvt\cv\ppmbackend\controller\EnumController.class
cvt\cv\ppmbackend\dto\DemandDtos$ProjectConvertInfo.class
cvt\cv\ppmbackend\controller\ProjectController.class
cvt\cv\ppmbackend\dto\ProjectCreateRequest.class
cvt\cv\ppmbackend\service\DemandScoringService.class
cvt\cv\ppmbackend\dto\CommitteeDtos$Response.class
cvt\cv\ppmbackend\dto\StrategicObjectiveResponse$KpiResponse.class
cvt\cv\ppmbackend\enums\ProjectStatus.class
cvt\cv\ppmbackend\dto\LookupValueCreateRequest.class
cvt\cv\ppmbackend\dto\StrategicObjectiveCreateRequest$KpiRequest.class
cvt\cv\ppmbackend\dto\CycleDtos$Decision.class
cvt\cv\ppmbackend\dto\DemandDtos$Patch.class
cvt\cv\ppmbackend\dto\DemandDtos$StrategicPlanSummary.class
cvt\cv\ppmbackend\exception\BadRequestException.class
cvt\cv\ppmbackend\enums\DependencyType.class
cvt\cv\ppmbackend\dto\CommitteeDtos$Request.class
cvt\cv\ppmbackend\enums\CapacityUnit.class
cvt\cv\ppmbackend\service\ScoringCriterionService.class
cvt\cv\ppmbackend\controller\DemandController.class
cvt\cv\ppmbackend\entity\OperationalPlan.class
cvt\cv\ppmbackend\entity\CapacityAllocation.class
cvt\cv\ppmbackend\exception\DomainException.class
cvt\cv\ppmbackend\dto\ProgramResponse.class
cvt\cv\ppmbackend\controller\StrategicPillarController.class
cvt\cv\ppmbackend\dto\ProgramResponse$StrategicObjectiveRef.class
cvt\cv\ppmbackend\entity\Program.class
cvt\cv\ppmbackend\service\DemandScoringService$1DimensionAccumulator.class
cvt\cv\ppmbackend\service\AbstractCrudService.class
cvt\cv\ppmbackend\service\StrategicPlanService.class
cvt\cv\ppmbackend\entity\StrategicPillar.class
cvt\cv\ppmbackend\enums\Priority.class
cvt\cv\ppmbackend\dto\DemandDtos$Update.class
cvt\cv\ppmbackend\dto\ScoringDimensionCreateRequest.class
cvt\cv\ppmbackend\enums\ResourceType.class
cvt\cv\ppmbackend\enums\ProjectDomain.class
cvt\cv\ppmbackend\repository\DemandHistoryRepository.class
cvt\cv\ppmbackend\dto\DemandDtos$ConvertToProject.class
cvt\cv\ppmbackend\dto\ProgramResponse$SupplierRef.class
cvt\cv\ppmbackend\enums\DependencyStatus.class
cvt\cv\ppmbackend\controller\MacroResourceController.class
cvt\cv\ppmbackend\repository\DemandRepository.class
cvt\cv\ppmbackend\repository\MacroResourceRepository.class
cvt\cv\ppmbackend\controller\StrategicObjectiveController.class
cvt\cv\ppmbackend\entity\ScoringCriterion.class
cvt\cv\ppmbackend\enums\ScoringDimension.class
cvt\cv\ppmbackend\repository\CycleAuditLogRepository.class
cvt\cv\ppmbackend\controller\CapacityAllocationController.class
cvt\cv\ppmbackend\repository\LookupValueRepository.class
cvt\cv\ppmbackend\controller\LookupValueController.class
cvt\cv\ppmbackend\entity\Supplier.class
cvt\cv\ppmbackend\controller\DependencyController.class
cvt\cv\ppmbackend\service\DemandHistoryService.class
cvt\cv\ppmbackend\entity\StrategicPlan.class
cvt\cv\ppmbackend\repository\StrategicPlanRepository.class
cvt\cv\ppmbackend\controller\SupplierController.class
cvt\cv\ppmbackend\repository\DemandCounterRepository.class
cvt\cv\ppmbackend\dto\BenefitCreateRequest.class
cvt\cv\ppmbackend\entity\DemandAttachment.class
cvt\cv\ppmbackend\config\RolloverJob.class
cvt\cv\ppmbackend\enums\BenefitType.class
cvt\cv\ppmbackend\dto\ScoringCriterionCreateRequest.class
cvt\cv\ppmbackend\entity\Committee.class
cvt\cv\ppmbackend\service\CycleService.class
cvt\cv\ppmbackend\controller\ScoringCriterionController.class
cvt\cv\ppmbackend\controller\OperationalPlanController.class
cvt\cv\ppmbackend\entity\DemandScoring.class
cvt\cv\ppmbackend\enums\ExecutiveStatus.class
cvt\cv\ppmbackend\dto\DemandDtos$LookupValueSummary.class
cvt\cv\ppmbackend\dto\StrategicPillarCreateRequest.class
cvt\cv\ppmbackend\enums\ProjectType.class
cvt\cv\ppmbackend\dto\DemandScoringDtos$UpsertRequest.class
cvt\cv\ppmbackend\enums\ImpactLevel.class
cvt\cv\ppmbackend\service\StrategicElementService.class
cvt\cv\ppmbackend\repository\CommitteeRepository.class
cvt\cv\ppmbackend\service\LookupValueService.class
cvt\cv\ppmbackend\service\ProgramService.class
cvt\cv\ppmbackend\entity\Dependency.class
cvt\cv\ppmbackend\dto\DemandDtos$CommitteeSummary.class
cvt\cv\ppmbackend\entity\DemandCounter.class
cvt\cv\ppmbackend\dto\DemandDtos$StrategicPillarSummary.class
cvt\cv\ppmbackend\service\DemandScoreLifecycleService.class
cvt\cv\ppmbackend\config\OpenApiConfig.class
cvt\cv\ppmbackend\dto\OperationalPlanSummary.class
cvt\cv\ppmbackend\entity\Project.class
cvt\cv\ppmbackend\entity\DemandHistory.class
cvt\cv\ppmbackend\dto\DemandDtos$OperationalPlanSummary.class
cvt\cv\ppmbackend\service\DemandCodeService.class
cvt\cv\ppmbackend\dto\DemandDtos$StrategicObjectiveSummary.class
cvt\cv\ppmbackend\enums\ProjectPhase.class
cvt\cv\ppmbackend\service\ProjectScoringService.class
cvt\cv\ppmbackend\dto\DemandDtos$AttachmentCreate.class
cvt\cv\ppmbackend\service\ProjectService.class
cvt\cv\ppmbackend\enums\KpiMeasurementStatus.class
cvt\cv\ppmbackend\exception\ApiError.class
cvt\cv\ppmbackend\service\DemandService.class
cvt\cv\ppmbackend\dto\DemandDtos$PagedDemandsResponse.class
cvt\cv\ppmbackend\dto\StrategicObjectiveCreateRequest.class
