C:\Users\cvt00983\Documents\Docs CVT\Portifolio\ppmbackend\src\main\java\cvt\cv\ppmbackend\config\OpenApiConfig.java
C:\Users\cvt00983\Documents\Docs CVT\Portifolio\ppmbackend\src\main\java\cvt\cv\ppmbackend\config\RolloverJob.java
C:\Users\cvt00983\Documents\Docs CVT\Portifolio\ppmbackend\src\main\java\cvt\cv\ppmbackend\controller\AbstractCrudController.java
C:\Users\cvt00983\Documents\Docs CVT\Portifolio\ppmbackend\src\main\java\cvt\cv\ppmbackend\controller\BenefitController.java
C:\Users\cvt00983\Documents\Docs CVT\Portifolio\ppmbackend\src\main\java\cvt\cv\ppmbackend\controller\CapacityAllocationController.java
C:\Users\cvt00983\Documents\Docs CVT\Portifolio\ppmbackend\src\main\java\cvt\cv\ppmbackend\controller\CommitteeController.java
C:\Users\cvt00983\Documents\Docs CVT\Portifolio\ppmbackend\src\main\java\cvt\cv\ppmbackend\controller\CycleController.java
C:\Users\cvt00983\Documents\Docs CVT\Portifolio\ppmbackend\src\main\java\cvt\cv\ppmbackend\controller\CycleReviewController.java
C:\Users\cvt00983\Documents\Docs CVT\Portifolio\ppmbackend\src\main\java\cvt\cv\ppmbackend\controller\DemandController.java
C:\Users\cvt00983\Documents\Docs CVT\Portifolio\ppmbackend\src\main\java\cvt\cv\ppmbackend\controller\DependencyController.java
C:\Users\cvt00983\Documents\Docs CVT\Portifolio\ppmbackend\src\main\java\cvt\cv\ppmbackend\controller\EnumController.java
C:\Users\cvt00983\Documents\Docs CVT\Portifolio\ppmbackend\src\main\java\cvt\cv\ppmbackend\controller\LookupValueController.java
C:\Users\cvt00983\Documents\Docs CVT\Portifolio\ppmbackend\src\main\java\cvt\cv\ppmbackend\controller\MacroResourceController.java
C:\Users\cvt00983\Documents\Docs CVT\Portifolio\ppmbackend\src\main\java\cvt\cv\ppmbackend\controller\OperationalPlanController.java
C:\Users\cvt00983\Documents\Docs CVT\Portifolio\ppmbackend\src\main\java\cvt\cv\ppmbackend\controller\ProgramController.java
C:\Users\cvt00983\Documents\Docs CVT\Portifolio\ppmbackend\src\main\java\cvt\cv\ppmbackend\controller\ProjectController.java
C:\Users\cvt00983\Documents\Docs CVT\Portifolio\ppmbackend\src\main\java\cvt\cv\ppmbackend\controller\ProjectScoringController.java
C:\Users\cvt00983\Documents\Docs CVT\Portifolio\ppmbackend\src\main\java\cvt\cv\ppmbackend\controller\ScoringCriterionController.java
C:\Users\cvt00983\Documents\Docs CVT\Portifolio\ppmbackend\src\main\java\cvt\cv\ppmbackend\controller\ScoringDimensionController.java
C:\Users\cvt00983\Documents\Docs CVT\Portifolio\ppmbackend\src\main\java\cvt\cv\ppmbackend\controller\StrategicElementController.java
C:\Users\cvt00983\Documents\Docs CVT\Portifolio\ppmbackend\src\main\java\cvt\cv\ppmbackend\controller\StrategicObjectiveController.java
C:\Users\cvt00983\Documents\Docs CVT\Portifolio\ppmbackend\src\main\java\cvt\cv\ppmbackend\controller\StrategicPillarController.java
C:\Users\cvt00983\Documents\Docs CVT\Portifolio\ppmbackend\src\main\java\cvt\cv\ppmbackend\controller\StrategicPlanController.java
C:\Users\cvt00983\Documents\Docs CVT\Portifolio\ppmbackend\src\main\java\cvt\cv\ppmbackend\controller\SupplierController.java
C:\Users\cvt00983\Documents\Docs CVT\Portifolio\ppmbackend\src\main\java\cvt\cv\ppmbackend\converter\YearMonthAttributeConverter.java
C:\Users\cvt00983\Documents\Docs CVT\Portifolio\ppmbackend\src\main\java\cvt\cv\ppmbackend\dto\BenefitCreateRequest.java
C:\Users\cvt00983\Documents\Docs CVT\Portifolio\ppmbackend\src\main\java\cvt\cv\ppmbackend\dto\CapacityAllocationCreateRequest.java
C:\Users\cvt00983\Documents\Docs CVT\Portifolio\ppmbackend\src\main\java\cvt\cv\ppmbackend\dto\CommitteeDtos.java
C:\Users\cvt00983\Documents\Docs CVT\Portifolio\ppmbackend\src\main\java\cvt\cv\ppmbackend\dto\CycleDtos.java
C:\Users\cvt00983\Documents\Docs CVT\Portifolio\ppmbackend\src\main\java\cvt\cv\ppmbackend\dto\DemandDtos.java
C:\Users\cvt00983\Documents\Docs CVT\Portifolio\ppmbackend\src\main\java\cvt\cv\ppmbackend\dto\DemandScoringDtos.java
C:\Users\cvt00983\Documents\Docs CVT\Portifolio\ppmbackend\src\main\java\cvt\cv\ppmbackend\dto\DependencyCreateRequest.java
C:\Users\cvt00983\Documents\Docs CVT\Portifolio\ppmbackend\src\main\java\cvt\cv\ppmbackend\dto\LookupValueCreateRequest.java
C:\Users\cvt00983\Documents\Docs CVT\Portifolio\ppmbackend\src\main\java\cvt\cv\ppmbackend\dto\MacroResourceCreateRequest.java
C:\Users\cvt00983\Documents\Docs CVT\Portifolio\ppmbackend\src\main\java\cvt\cv\ppmbackend\dto\OperationalPlanCreateRequest.java
C:\Users\cvt00983\Documents\Docs CVT\Portifolio\ppmbackend\src\main\java\cvt\cv\ppmbackend\dto\OperationalPlanSummary.java
C:\Users\cvt00983\Documents\Docs CVT\Portifolio\ppmbackend\src\main\java\cvt\cv\ppmbackend\dto\ProgramCreateRequest.java
C:\Users\cvt00983\Documents\Docs CVT\Portifolio\ppmbackend\src\main\java\cvt\cv\ppmbackend\dto\ProgramResponse.java
C:\Users\cvt00983\Documents\Docs CVT\Portifolio\ppmbackend\src\main\java\cvt\cv\ppmbackend\dto\ProjectCreateRequest.java
C:\Users\cvt00983\Documents\Docs CVT\Portifolio\ppmbackend\src\main\java\cvt\cv\ppmbackend\dto\ProjectScoringCreateRequest.java
C:\Users\cvt00983\Documents\Docs CVT\Portifolio\ppmbackend\src\main\java\cvt\cv\ppmbackend\dto\ScoringCriterionCreateRequest.java
C:\Users\cvt00983\Documents\Docs CVT\Portifolio\ppmbackend\src\main\java\cvt\cv\ppmbackend\dto\ScoringDimensionCreateRequest.java
C:\Users\cvt00983\Documents\Docs CVT\Portifolio\ppmbackend\src\main\java\cvt\cv\ppmbackend\dto\StrategicElementCreateRequest.java
C:\Users\cvt00983\Documents\Docs CVT\Portifolio\ppmbackend\src\main\java\cvt\cv\ppmbackend\dto\StrategicObjectiveCreateRequest.java
C:\Users\cvt00983\Documents\Docs CVT\Portifolio\ppmbackend\src\main\java\cvt\cv\ppmbackend\dto\StrategicObjectiveResponse.java
C:\Users\cvt00983\Documents\Docs CVT\Portifolio\ppmbackend\src\main\java\cvt\cv\ppmbackend\dto\StrategicPillarCreateRequest.java
C:\Users\cvt00983\Documents\Docs CVT\Portifolio\ppmbackend\src\main\java\cvt\cv\ppmbackend\dto\StrategicPlanCreateRequest.java
C:\Users\cvt00983\Documents\Docs CVT\Portifolio\ppmbackend\src\main\java\cvt\cv\ppmbackend\dto\SupplierCreateRequest.java
C:\Users\cvt00983\Documents\Docs CVT\Portifolio\ppmbackend\src\main\java\cvt\cv\ppmbackend\entity\BaseEntity.java
C:\Users\cvt00983\Documents\Docs CVT\Portifolio\ppmbackend\src\main\java\cvt\cv\ppmbackend\entity\Benefit.java
C:\Users\cvt00983\Documents\Docs CVT\Portifolio\ppmbackend\src\main\java\cvt\cv\ppmbackend\entity\CapacityAllocation.java
C:\Users\cvt00983\Documents\Docs CVT\Portifolio\ppmbackend\src\main\java\cvt\cv\ppmbackend\entity\Committee.java
C:\Users\cvt00983\Documents\Docs CVT\Portifolio\ppmbackend\src\main\java\cvt\cv\ppmbackend\entity\CycleAuditLog.java
C:\Users\cvt00983\Documents\Docs CVT\Portifolio\ppmbackend\src\main\java\cvt\cv\ppmbackend\entity\CycleReview.java
C:\Users\cvt00983\Documents\Docs CVT\Portifolio\ppmbackend\src\main\java\cvt\cv\ppmbackend\entity\Demand.java
C:\Users\cvt00983\Documents\Docs CVT\Portifolio\ppmbackend\src\main\java\cvt\cv\ppmbackend\entity\DemandAttachment.java
C:\Users\cvt00983\Documents\Docs CVT\Portifolio\ppmbackend\src\main\java\cvt\cv\ppmbackend\entity\DemandCounter.java
C:\Users\cvt00983\Documents\Docs CVT\Portifolio\ppmbackend\src\main\java\cvt\cv\ppmbackend\entity\DemandHistory.java
C:\Users\cvt00983\Documents\Docs CVT\Portifolio\ppmbackend\src\main\java\cvt\cv\ppmbackend\entity\DemandScoring.java
C:\Users\cvt00983\Documents\Docs CVT\Portifolio\ppmbackend\src\main\java\cvt\cv\ppmbackend\entity\Dependency.java
C:\Users\cvt00983\Documents\Docs CVT\Portifolio\ppmbackend\src\main\java\cvt\cv\ppmbackend\entity\Kpi.java
C:\Users\cvt00983\Documents\Docs CVT\Portifolio\ppmbackend\src\main\java\cvt\cv\ppmbackend\entity\KpiMeasurement.java
C:\Users\cvt00983\Documents\Docs CVT\Portifolio\ppmbackend\src\main\java\cvt\cv\ppmbackend\entity\LookupValue.java
C:\Users\cvt00983\Documents\Docs CVT\Portifolio\ppmbackend\src\main\java\cvt\cv\ppmbackend\entity\MacroResource.java
C:\Users\cvt00983\Documents\Docs CVT\Portifolio\ppmbackend\src\main\java\cvt\cv\ppmbackend\entity\OperationalPlan.java
C:\Users\cvt00983\Documents\Docs CVT\Portifolio\ppmbackend\src\main\java\cvt\cv\ppmbackend\entity\OperationalPlanBaseline.java
C:\Users\cvt00983\Documents\Docs CVT\Portifolio\ppmbackend\src\main\java\cvt\cv\ppmbackend\entity\Program.java
C:\Users\cvt00983\Documents\Docs CVT\Portifolio\ppmbackend\src\main\java\cvt\cv\ppmbackend\entity\Project.java
C:\Users\cvt00983\Documents\Docs CVT\Portifolio\ppmbackend\src\main\java\cvt\cv\ppmbackend\entity\ProjectScoring.java
C:\Users\cvt00983\Documents\Docs CVT\Portifolio\ppmbackend\src\main\java\cvt\cv\ppmbackend\entity\ScoringCriterion.java
C:\Users\cvt00983\Documents\Docs CVT\Portifolio\ppmbackend\src\main\java\cvt\cv\ppmbackend\entity\ScoringDimension.java
C:\Users\cvt00983\Documents\Docs CVT\Portifolio\ppmbackend\src\main\java\cvt\cv\ppmbackend\entity\StrategicElement.java
C:\Users\cvt00983\Documents\Docs CVT\Portifolio\ppmbackend\src\main\java\cvt\cv\ppmbackend\entity\StrategicObjective.java
C:\Users\cvt00983\Documents\Docs CVT\Portifolio\ppmbackend\src\main\java\cvt\cv\ppmbackend\entity\StrategicObjectiveAnnualTarget.java
C:\Users\cvt00983\Documents\Docs CVT\Portifolio\ppmbackend\src\main\java\cvt\cv\ppmbackend\entity\StrategicPillar.java
C:\Users\cvt00983\Documents\Docs CVT\Portifolio\ppmbackend\src\main\java\cvt\cv\ppmbackend\entity\StrategicPlan.java
C:\Users\cvt00983\Documents\Docs CVT\Portifolio\ppmbackend\src\main\java\cvt\cv\ppmbackend\entity\Supplier.java
C:\Users\cvt00983\Documents\Docs CVT\Portifolio\ppmbackend\src\main\java\cvt\cv\ppmbackend\enums\AllocationStatus.java
C:\Users\cvt00983\Documents\Docs CVT\Portifolio\ppmbackend\src\main\java\cvt\cv\ppmbackend\enums\BenefitType.java
C:\Users\cvt00983\Documents\Docs CVT\Portifolio\ppmbackend\src\main\java\cvt\cv\ppmbackend\enums\CapacityUnit.java
C:\Users\cvt00983\Documents\Docs CVT\Portifolio\ppmbackend\src\main\java\cvt\cv\ppmbackend\enums\CommitteeStatus.java
C:\Users\cvt00983\Documents\Docs CVT\Portifolio\ppmbackend\src\main\java\cvt\cv\ppmbackend\enums\CycleReviewStatus.java
C:\Users\cvt00983\Documents\Docs CVT\Portifolio\ppmbackend\src\main\java\cvt\cv\ppmbackend\enums\DependencyStatus.java
C:\Users\cvt00983\Documents\Docs CVT\Portifolio\ppmbackend\src\main\java\cvt\cv\ppmbackend\enums\DependencyType.java
C:\Users\cvt00983\Documents\Docs CVT\Portifolio\ppmbackend\src\main\java\cvt\cv\ppmbackend\enums\ExecutiveStatus.java
C:\Users\cvt00983\Documents\Docs CVT\Portifolio\ppmbackend\src\main\java\cvt\cv\ppmbackend\enums\ImpactLevel.java
C:\Users\cvt00983\Documents\Docs CVT\Portifolio\ppmbackend\src\main\java\cvt\cv\ppmbackend\enums\KpiMeasurementStatus.java
C:\Users\cvt00983\Documents\Docs CVT\Portifolio\ppmbackend\src\main\java\cvt\cv\ppmbackend\enums\OperationalPlanStatus.java
C:\Users\cvt00983\Documents\Docs CVT\Portifolio\ppmbackend\src\main\java\cvt\cv\ppmbackend\enums\PlanType.java
C:\Users\cvt00983\Documents\Docs CVT\Portifolio\ppmbackend\src\main\java\cvt\cv\ppmbackend\enums\Priority.java
C:\Users\cvt00983\Documents\Docs CVT\Portifolio\ppmbackend\src\main\java\cvt\cv\ppmbackend\enums\ProjectDomain.java
C:\Users\cvt00983\Documents\Docs CVT\Portifolio\ppmbackend\src\main\java\cvt\cv\ppmbackend\enums\ProjectPhase.java
C:\Users\cvt00983\Documents\Docs CVT\Portifolio\ppmbackend\src\main\java\cvt\cv\ppmbackend\enums\ProjectStatus.java
C:\Users\cvt00983\Documents\Docs CVT\Portifolio\ppmbackend\src\main\java\cvt\cv\ppmbackend\enums\ProjectType.java
C:\Users\cvt00983\Documents\Docs CVT\Portifolio\ppmbackend\src\main\java\cvt\cv\ppmbackend\enums\ResourceType.java
C:\Users\cvt00983\Documents\Docs CVT\Portifolio\ppmbackend\src\main\java\cvt\cv\ppmbackend\enums\ScoringDimension.java
C:\Users\cvt00983\Documents\Docs CVT\Portifolio\ppmbackend\src\main\java\cvt\cv\ppmbackend\enums\ScoringImpactType.java
C:\Users\cvt00983\Documents\Docs CVT\Portifolio\ppmbackend\src\main\java\cvt\cv\ppmbackend\enums\StrategicPlanStatus.java
C:\Users\cvt00983\Documents\Docs CVT\Portifolio\ppmbackend\src\main\java\cvt\cv\ppmbackend\exception\ApiError.java
C:\Users\cvt00983\Documents\Docs CVT\Portifolio\ppmbackend\src\main\java\cvt\cv\ppmbackend\exception\BadRequestException.java
C:\Users\cvt00983\Documents\Docs CVT\Portifolio\ppmbackend\src\main\java\cvt\cv\ppmbackend\exception\DomainException.java
C:\Users\cvt00983\Documents\Docs CVT\Portifolio\ppmbackend\src\main\java\cvt\cv\ppmbackend\exception\GlobalExceptionHandler.java
C:\Users\cvt00983\Documents\Docs CVT\Portifolio\ppmbackend\src\main\java\cvt\cv\ppmbackend\exception\ResourceNotFoundException.java
C:\Users\cvt00983\Documents\Docs CVT\Portifolio\ppmbackend\src\main\java\cvt\cv\ppmbackend\PpmbackendApplication.java
C:\Users\cvt00983\Documents\Docs CVT\Portifolio\ppmbackend\src\main\java\cvt\cv\ppmbackend\repository\BenefitRepository.java
C:\Users\cvt00983\Documents\Docs CVT\Portifolio\ppmbackend\src\main\java\cvt\cv\ppmbackend\repository\CapacityAllocationRepository.java
C:\Users\cvt00983\Documents\Docs CVT\Portifolio\ppmbackend\src\main\java\cvt\cv\ppmbackend\repository\CommitteeRepository.java
C:\Users\cvt00983\Documents\Docs CVT\Portifolio\ppmbackend\src\main\java\cvt\cv\ppmbackend\repository\CycleAuditLogRepository.java
C:\Users\cvt00983\Documents\Docs CVT\Portifolio\ppmbackend\src\main\java\cvt\cv\ppmbackend\repository\CycleReviewRepository.java
C:\Users\cvt00983\Documents\Docs CVT\Portifolio\ppmbackend\src\main\java\cvt\cv\ppmbackend\repository\DemandAttachmentRepository.java
C:\Users\cvt00983\Documents\Docs CVT\Portifolio\ppmbackend\src\main\java\cvt\cv\ppmbackend\repository\DemandCounterRepository.java
C:\Users\cvt00983\Documents\Docs CVT\Portifolio\ppmbackend\src\main\java\cvt\cv\ppmbackend\repository\DemandHistoryRepository.java
C:\Users\cvt00983\Documents\Docs CVT\Portifolio\ppmbackend\src\main\java\cvt\cv\ppmbackend\repository\DemandRepository.java
C:\Users\cvt00983\Documents\Docs CVT\Portifolio\ppmbackend\src\main\java\cvt\cv\ppmbackend\repository\DemandScoringRepository.java
C:\Users\cvt00983\Documents\Docs CVT\Portifolio\ppmbackend\src\main\java\cvt\cv\ppmbackend\repository\DependencyRepository.java
C:\Users\cvt00983\Documents\Docs CVT\Portifolio\ppmbackend\src\main\java\cvt\cv\ppmbackend\repository\LookupValueRepository.java
C:\Users\cvt00983\Documents\Docs CVT\Portifolio\ppmbackend\src\main\java\cvt\cv\ppmbackend\repository\MacroResourceRepository.java
C:\Users\cvt00983\Documents\Docs CVT\Portifolio\ppmbackend\src\main\java\cvt\cv\ppmbackend\repository\OperationalPlanBaselineRepository.java
C:\Users\cvt00983\Documents\Docs CVT\Portifolio\ppmbackend\src\main\java\cvt\cv\ppmbackend\repository\OperationalPlanRepository.java
C:\Users\cvt00983\Documents\Docs CVT\Portifolio\ppmbackend\src\main\java\cvt\cv\ppmbackend\repository\ProgramRepository.java
C:\Users\cvt00983\Documents\Docs CVT\Portifolio\ppmbackend\src\main\java\cvt\cv\ppmbackend\repository\ProjectRepository.java
C:\Users\cvt00983\Documents\Docs CVT\Portifolio\ppmbackend\src\main\java\cvt\cv\ppmbackend\repository\ProjectScoringRepository.java
C:\Users\cvt00983\Documents\Docs CVT\Portifolio\ppmbackend\src\main\java\cvt\cv\ppmbackend\repository\ScoringCriterionRepository.java
C:\Users\cvt00983\Documents\Docs CVT\Portifolio\ppmbackend\src\main\java\cvt\cv\ppmbackend\repository\ScoringDimensionRepository.java
C:\Users\cvt00983\Documents\Docs CVT\Portifolio\ppmbackend\src\main\java\cvt\cv\ppmbackend\repository\StrategicElementRepository.java
C:\Users\cvt00983\Documents\Docs CVT\Portifolio\ppmbackend\src\main\java\cvt\cv\ppmbackend\repository\StrategicObjectiveRepository.java
C:\Users\cvt00983\Documents\Docs CVT\Portifolio\ppmbackend\src\main\java\cvt\cv\ppmbackend\repository\StrategicPillarRepository.java
C:\Users\cvt00983\Documents\Docs CVT\Portifolio\ppmbackend\src\main\java\cvt\cv\ppmbackend\repository\StrategicPlanRepository.java
C:\Users\cvt00983\Documents\Docs CVT\Portifolio\ppmbackend\src\main\java\cvt\cv\ppmbackend\repository\SupplierRepository.java
C:\Users\cvt00983\Documents\Docs CVT\Portifolio\ppmbackend\src\main\java\cvt\cv\ppmbackend\service\AbstractCrudService.java
C:\Users\cvt00983\Documents\Docs CVT\Portifolio\ppmbackend\src\main\java\cvt\cv\ppmbackend\service\BenefitService.java
C:\Users\cvt00983\Documents\Docs CVT\Portifolio\ppmbackend\src\main\java\cvt\cv\ppmbackend\service\CapacityAllocationService.java
C:\Users\cvt00983\Documents\Docs CVT\Portifolio\ppmbackend\src\main\java\cvt\cv\ppmbackend\service\CommitteeService.java
C:\Users\cvt00983\Documents\Docs CVT\Portifolio\ppmbackend\src\main\java\cvt\cv\ppmbackend\service\CrudService.java
C:\Users\cvt00983\Documents\Docs CVT\Portifolio\ppmbackend\src\main\java\cvt\cv\ppmbackend\service\CycleReviewService.java
C:\Users\cvt00983\Documents\Docs CVT\Portifolio\ppmbackend\src\main\java\cvt\cv\ppmbackend\service\CycleService.java
C:\Users\cvt00983\Documents\Docs CVT\Portifolio\ppmbackend\src\main\java\cvt\cv\ppmbackend\service\DemandCodeService.java
C:\Users\cvt00983\Documents\Docs CVT\Portifolio\ppmbackend\src\main\java\cvt\cv\ppmbackend\service\DemandHistoryService.java
C:\Users\cvt00983\Documents\Docs CVT\Portifolio\ppmbackend\src\main\java\cvt\cv\ppmbackend\service\DemandScoreLifecycleService.java
C:\Users\cvt00983\Documents\Docs CVT\Portifolio\ppmbackend\src\main\java\cvt\cv\ppmbackend\service\DemandScoringService.java
C:\Users\cvt00983\Documents\Docs CVT\Portifolio\ppmbackend\src\main\java\cvt\cv\ppmbackend\service\DemandService.java
C:\Users\cvt00983\Documents\Docs CVT\Portifolio\ppmbackend\src\main\java\cvt\cv\ppmbackend\service\DependencyService.java
C:\Users\cvt00983\Documents\Docs CVT\Portifolio\ppmbackend\src\main\java\cvt\cv\ppmbackend\service\LookupValueService.java
C:\Users\cvt00983\Documents\Docs CVT\Portifolio\ppmbackend\src\main\java\cvt\cv\ppmbackend\service\MacroResourceService.java
C:\Users\cvt00983\Documents\Docs CVT\Portifolio\ppmbackend\src\main\java\cvt\cv\ppmbackend\service\OperationalPlanService.java
C:\Users\cvt00983\Documents\Docs CVT\Portifolio\ppmbackend\src\main\java\cvt\cv\ppmbackend\service\ProgramService.java
C:\Users\cvt00983\Documents\Docs CVT\Portifolio\ppmbackend\src\main\java\cvt\cv\ppmbackend\service\ProjectScoringService.java
C:\Users\cvt00983\Documents\Docs CVT\Portifolio\ppmbackend\src\main\java\cvt\cv\ppmbackend\service\ProjectService.java
C:\Users\cvt00983\Documents\Docs CVT\Portifolio\ppmbackend\src\main\java\cvt\cv\ppmbackend\service\ScoringCriterionService.java
C:\Users\cvt00983\Documents\Docs CVT\Portifolio\ppmbackend\src\main\java\cvt\cv\ppmbackend\service\ScoringDimensionService.java
C:\Users\cvt00983\Documents\Docs CVT\Portifolio\ppmbackend\src\main\java\cvt\cv\ppmbackend\service\StrategicElementService.java
C:\Users\cvt00983\Documents\Docs CVT\Portifolio\ppmbackend\src\main\java\cvt\cv\ppmbackend\service\StrategicObjectiveService.java
C:\Users\cvt00983\Documents\Docs CVT\Portifolio\ppmbackend\src\main\java\cvt\cv\ppmbackend\service\StrategicPillarService.java
C:\Users\cvt00983\Documents\Docs CVT\Portifolio\ppmbackend\src\main\java\cvt\cv\ppmbackend\service\StrategicPlanService.java
C:\Users\cvt00983\Documents\Docs CVT\Portifolio\ppmbackend\src\main\java\cvt\cv\ppmbackend\service\SupplierService.java
